




http://info.foo.bar/cgi/blocked?clientaddr=10.0.1.23&clientname=&clientuser=&clientgroup=kids&targetgroup=blacklist&url=http://www.book-mark.net/Mark.gif 10.0.1.23/- - GET


http://info.foo.bar/cgi/blocked?clientaddr=10.0.1.23&clientname=&clientuser=gurr&clientgroup=kids&targetgroup=blacklist&url=http://www.angrydragon.com/sexing/sex/tn_316_jpg.jpg 10.0.1.23/- gurr GET
http://info.foo.bar/cgi/blocked?clientaddr=10.0.1.23&clientname=&clientuser=&clientgroup=kids&targetgroup=blacklist&url=http://www.angrydragon.com/sexing/sex/phc057.gif 10.0.1.23/- - GET
http://info.foo.bar/cgi/blocked?clientaddr=10.0.1.23&clientname=&clientuser=&clientgroup=kids&targetgroup=blacklist&url=http://www.freesexsites.net/book-mark/22/tn_09.jpg 10.0.1.23/- - GET


http://info.foo.bar/cgi/blocked?clientaddr=10.0.1.23&clientname=&clientuser=&clientgroup=kids&targetgroup=blacklist&url=http://www.ultrasexe.com/image/tnoire12.jpg 10.0.1.23/- - GET
http://info.foo.bar/cgi/blocked?clientaddr=10.0.1.23&clientname=&clientuser=&clientgroup=kids&targetgroup=blacklist&url=http://www.ultrasexe.com/image/tnoire3.jpg 10.0.1.23/- - GET
http://info.foo.bar/cgi/blocked?clientaddr=10.0.1.23&clientname=&clientuser=gurr&clientgroup=kids&targetgroup=blacklist&url=http://www.sohard.com/klimaxxx2/tn_1704034c_jpg.jpg 10.0.1.23/- gurr GET

http://info.foo.bar/cgi/blocked?clientaddr=10.0.1.23&clientname=&clientuser=&clientgroup=kids&targetgroup=blacklist&url=http://c2.xxxcounter.com/counter.cgi? 10.0.1.23/- - GET

http://info.foo.bar/cgi/blocked?clientaddr=10.0.1.23&clientname=&clientuser=foo&clientgroup=kids&targetgroup=blacklist&url=http://www.sohard.com/klimaxxx2/1603027g.jpg 10.0.1.23/- foo GET
http://info.foo.bar/cgi/blocked?clientaddr=10.0.1.23&clientname=&clientuser=&clientgroup=kids&targetgroup=blacklist&url=http://counter7.sextracker.com/c2/id/2/130230 10.0.1.23/- - GET
http://info.foo.bar/cgi/blocked?clientaddr=10.0.1.23&clientname=&clientuser=&clientgroup=kids&targetgroup=blacklist&url=http://amateur.freepictures.com/amateur/images/tn_fpcheer017_jpg.jpg 10.0.1.23/- - GET




http://info.foo.bar/cgi/blocked?clientaddr=10.64.140.1&clientname=&clientuser=&clientgroup=default&targetgroup=none&url=http://www.sexpatrol.tsx.org/big-jugs.gif 10.64.140.1/- - GET
http://info.foo.bar/cgi/blocked?clientaddr=10.64.14.1&clientname=&clientuser=&clientgroup=default&targetgroup=none&url=http://wwwcache.cleo.net.uk/?DEBUG=1 10.64.14.1/- - GET




http://info.foo.bar/cgi/blocked?clientaddr=10.0.1.23&clientname=&clientuser=&clientgroup=kids&targetgroup=blacklist&url=http://clit13.sextracker.com/clit? 10.0.1.23/- - GET

http://info.foo.bar/cgi/blocked?clientaddr=10.0.1.23&clientname=&clientuser=gurr&clientgroup=kids&targetgroup=blacklist&url=http://artemis.porntrack.com/0/20469/? 10.0.1.23/- gurr GET

http://info.foo.bar/cgi/blocked?clientaddr=10.0.1.23&clientname=&clientuser=foo&clientgroup=kids&targetgroup=blacklist&url=http://counter10.sextracker.com/c2/id/0/132745 10.0.1.23/- foo GET

http://info.foo.bar/cgi/blocked?clientaddr=10.0.1.23&clientname=&clientuser=&clientgroup=kids&targetgroup=blacklist&url=http://hardcore.freepictures.com/sluts/02/tn_sx0023n_jpg.jpg 10.0.1.23/- - GET
http://info.foo.bar/cgi/blocked?clientaddr=10.0.1.23&clientname=&clientuser=&clientgroup=kids&targetgroup=blacklist&url=http://hardcore.freepictures.com/sluts/02/tn_sx0023m_jpg.jpg 10.0.1.23/- - GET





http://info.foo.bar/cgi/blocked?clientaddr=10.0.5.15&clientname=&clientuser=gurr&clientgroup=default&targetgroup=none&url=http://www.oslo-energi.no/hierarrays.js 10.0.5.15/- gurr GET
http://info.foo.bar/cgi/blocked?clientaddr=10.0.5.15&clientname=&clientuser=&clientgroup=default&targetgroup=none&url=http://www.oslo-energi.no/gifs/tittel_1_fade.gif 10.0.5.15/- - GET
http://info.foo.bar/cgi/blocked?clientaddr=10.0.5.15&clientname=&clientuser=&clientgroup=default&targetgroup=none&url=http://www.oslo-energi.no/gifs/skillestrek.gif 10.0.5.15/- - GET
http://info.foo.bar/cgi/blocked?clientaddr=10.0.5.15&clientname=&clientuser=&clientgroup=default&targetgroup=none&url=http://ads.nettavisen.no/js.ng/spacedesc=sport_stor&params.richmedia=yes 10.0.5.15/- - GET
http://info.foo.bar/cgi/blocked?clientaddr=10.0.5.15&clientname=&clientuser=&clientgroup=default&targetgroup=none&url=http://www.bergens-tidende.no/grafikk/pixels/lys_graa.gif 10.0.5.15/- - GET

http://info.foo.bar/cgi/blocked?clientaddr=10.0.5.15&clientname=&clientuser=foo&clientgroup=default&targetgroup=none&url=http://kvasir.sol.no/img/pix.gif 10.0.5.15/- foo GET
http://info.foo.bar/cgi/blocked?clientaddr=10.0.5.15&clientname=&clientuser=&clientgroup=default&targetgroup=none&url=http://www.cupido.no/images/innut.gif 10.0.5.15/- - GET
http://info.foo.bar/cgi/blocked?clientaddr=10.0.5.15&clientname=&clientuser=&clientgroup=default&targetgroup=none&url=http://www.uio.no/~seide/hknapp2.gif 10.0.5.15/- - GET
http://info.foo.bar/cgi/blocked?clientaddr=10.0.5.15&clientname=&clientuser=&clientgroup=default&targetgroup=none&url=http://www.uio.no/~seide/lene.gif 10.0.5.15/- - GET
http://info.foo.bar/cgi/blocked?clientaddr=10.0.5.15&clientname=&clientuser=&clientgroup=default&targetgroup=none&url=http://www.epi.no/mapnet/epi/mapnetsmall2.gif 10.0.5.15/- - GET
http://info.foo.bar/cgi/blocked?clientaddr=10.0.5.15&clientname=&clientuser=&clientgroup=default&targetgroup=none&url=http://www.epi.no/mapnet/epi/maps/asker/oversikt.gif 10.0.5.15/- - GET
http://info.foo.bar/cgi/blocked?clientaddr=10.0.5.15&clientname=&clientuser=gurr&clientgroup=default&targetgroup=none&url=http://www.statkart.no/images/footer.js 10.0.5.15/- gurr GET

http://info.foo.bar/cgi/blocked?clientaddr=10.0.5.15&clientname=&clientuser=&clientgroup=default&targetgroup=none&url=http://m.doubleclick.net/viewad/234286-nyb.gif 10.0.5.15/- - GET
http://info.foo.bar/cgi/blocked?clientaddr=10.0.68.15&clientname=&clientuser=&clientgroup=default&targetgroup=none&url=http://teleweb.ost.eltele.no/elteleo.gif 10.0.68.15/- - GET
http://info.foo.bar/cgi/blocked?clientaddr=10.0.68.15&clientname=&clientuser=&clientgroup=default&targetgroup=none&url=http://www.vg.no/annonser/jobshop/uke22b_99logo.gif 10.0.68.15/- - GET
http://info.foo.bar/cgi/blocked?clientaddr=10.0.68.15&clientname=&clientuser=&clientgroup=default&targetgroup=none&url=http://www.vg.no/writeable/nettmarked/pics/ebud1.gif 10.0.68.15/- - GET
http://info.foo.bar/cgi/blocked?clientaddr=10.0.68.15&clientname=&clientuser=foo&clientgroup=default&targetgroup=none&url=http://www.vg.no/grafikk/frontbilder/909.gif 10.0.68.15/- foo GET
http://info.foo.bar/cgi/blocked?clientaddr=10.0.68.15&clientname=&clientuser=&clientgroup=default&targetgroup=none&url=http://www.vg.no/grafikk/mal/nav_interaktiv.gif 10.0.68.15/- - GET
http://info.foo.bar/cgi/blocked?clientaddr=10.0.68.15&clientname=&clientuser=&clientgroup=default&targetgroup=none&url=http://www.vg.no/annonser/mi/omha1.gif 10.0.68.15/- - GET
http://info.foo.bar/cgi/blocked?clientaddr=10.0.68.15&clientname=&clientuser=&clientgroup=default&targetgroup=none&url=http://netgravity.vg.no/image.ng/size=banner_1&seksjon=sport 10.0.68.15/- - GET
http://info.foo.bar/cgi/blocked?clientaddr=10.0.68.15&clientname=&clientuser=&clientgroup=default&targetgroup=none&url=http://netgravity.vg.no/image.ng/spesial=resultatodds 10.0.68.15/- - GET
http://info.foo.bar/cgi/blocked?clientaddr=10.0.68.15&clientname=&clientuser=&clientgroup=default&targetgroup=none&url=http://www.dagbladet.no/kultur/1999/05/29/df_5h926kdp.jpg 10.0.68.15/- - GET
http://info.foo.bar/cgi/blocked?clientaddr=10.0.68.15&clientname=&clientuser=gurr&clientgroup=default&targetgroup=none&url=http://m.doubleclick.net/viewad/30021-oddsen300599.gif 10.0.68.15/- gurr GET
http://info.foo.bar/cgi/blocked?clientaddr=10.0.68.15&clientname=&clientuser=&clientgroup=default&targetgroup=none&url=http://teleweb.ost.eltele.no/meny.htm 10.0.68.15/- - GET
http://info.foo.bar/cgi/blocked?clientaddr=10.0.68.15&clientname=&clientuser=&clientgroup=default&targetgroup=none&url=http://teleweb.ost.eltele.no/grafikk/meny/itseminaroff.gif 10.0.68.15/- - GET
http://info.foo.bar/cgi/blocked?clientaddr=10.0.68.15&clientname=&clientuser=&clientgroup=default&targetgroup=none&url=http://teleweb.ost.eltele.no/grafikk/meny/sokoff.gif 10.0.68.15/- - GET

http://info.foo.bar/cgi/blocked?clientaddr=10.0.1.22&clientname=&clientuser=gurr&clientgroup=kids&targetgroup=blacklist&url=http://graphics2.sextracker.com/titlebar/head_left.gif 10.0.1.22/- gurr GET
http://info.foo.bar/cgi/blocked?clientaddr=10.0.1.22&clientname=&clientuser=&clientgroup=kids&targetgroup=blacklist&url=http://graphics2.sextracker.com/titlebar/welcome_head.gif 10.0.1.22/- - GET

http://info.foo.bar/cgi/blocked?clientaddr=10.0.1.22&clientname=&clientuser=&clientgroup=kids&targetgroup=blacklist&url=http://www.ultrahardcore.com/graphics/smallbanners/ut.gif 10.0.1.22/- - GET

http://info.foo.bar/cgi/blocked?clientaddr=10.0.1.22&clientname=&clientuser=&clientgroup=kids&targetgroup=blacklist&url=http://www.book-mark.net/pla.gif 10.0.1.22/- - GET

http://info.foo.bar/cgi/blocked?clientaddr=10.0.1.22&clientname=&clientuser=&clientgroup=kids&targetgroup=blacklist&url=http://www.pornpower.com/free4all/30/thumbs/set30006.jpg 10.0.1.22/- - GET


















http://info.foo.bar/cgi/blocked?clientaddr=10.0.68.15&clientname=&clientuser=&clientgroup=default&targetgroup=none&url=http://teleweb.ost.eltele.no/grafikk/meny/ikonoff.gif 10.0.68.15/- - GET
http://info.foo.bar/cgi/blocked?clientaddr=10.0.68.15&clientname=&clientuser=&clientgroup=default&targetgroup=none&url=http://www.dagbladet.no/vignetter/tern5.gif 10.0.68.15/- - GET
http://info.foo.bar/cgi/blocked?clientaddr=10.0.68.15&clientname=&clientuser=gurr&clientgroup=default&targetgroup=none&url=http://www.dagbladet.no/cgi-bin/go2? 10.0.68.15/- gurr GET














http://info.foo.bar/cgi/blocked?clientaddr=10.0.68.15&clientname=&clientuser=foo&clientgroup=default&targetgroup=none&url=http://www.sunnfjordenergi.no/nm/tom.htm 10.0.68.15/- foo GET
http://info.foo.bar/cgi/blocked?clientaddr=10.0.68.15&clientname=&clientuser=&clientgroup=default&targetgroup=none&url=http://www.sunnfjordenergi.no/nm/grafikk/meny/om.gif 10.0.68.15/- - GET
http://info.foo.bar/cgi/blocked?clientaddr=10.0.68.15&clientname=&clientuser=&clientgroup=default&targetgroup=none&url=http://teleweb.ost.eltele.no/grafikk/meny/oeioff.gif 10.0.68.15/- - GET
http://info.foo.bar/cgi/blocked?clientaddr=10.0.68.15&clientname=&clientuser=&clientgroup=default&targetgroup=none&url=http://teleweb.ost.eltele.no/grafikk/meny/hjelpoff.gif 10.0.68.15/- - GET
http://info.foo.bar/cgi/blocked?clientaddr=10.0.68.15&clientname=&clientuser=gurr&clientgroup=default&targetgroup=none&url=http://teleweb.ost.eltele.no/grafikk/meny/hjelpon.gif 10.0.68.15/- gurr GET



http://info.foo.bar/cgi/blocked?clientaddr=10.0.68.15&clientname=&clientuser=&clientgroup=default&targetgroup=none&url=http://teleweb.ost.eltele.no/grafikk/meny/ksentoff.gif 10.0.68.15/- - GET
http://info.foo.bar/cgi/blocked?clientaddr=10.0.68.15&clientname=&clientuser=&clientgroup=default&targetgroup=none&url=http://teleweb.ost.eltele.no/grafikk/meny/oekon.gif 10.0.68.15/- - GET
http://info.foo.bar/cgi/blocked?clientaddr=10.0.68.15&clientname=&clientuser=gurr&clientgroup=default&targetgroup=none&url=http://teleweb.ost.eltele.no/grafikk/meny/itseminaron.gif 10.0.68.15/- gurr GET
http://info.foo.bar/cgi/blocked?clientaddr=10.0.68.15&clientname=&clientuser=&clientgroup=default&targetgroup=none&url=http://www.postbanken.no/media/hor_tip.gif 10.0.68.15/- - GET







http://info.foo.bar/cgi/blocked?clientaddr=10.0.68.15&clientname=&clientuser=&clientgroup=default&targetgroup=none&url=http://www.kondis.no/terminlista/terminlista99norge.html 10.0.68.15/- - GET
http://info.foo.bar/cgi/blocked?clientaddr=10.0.68.15&clientname=&clientuser=&clientgroup=default&targetgroup=none&url=http://kondis.no/bilder/baand1.jpg 10.0.68.15/- - GET

http://info.foo.bar/cgi/blocked?clientaddr=10.0.68.15&clientname=&clientuser=&clientgroup=default&targetgroup=none&url=http://home.sol.no/~plassen/logobghvit.jpg 10.0.68.15/- - GET
http://info.foo.bar/cgi/blocked?clientaddr=10.0.68.15&clientname=&clientuser=&clientgroup=default&targetgroup=none&url=http://home.sol.no/~plassen/fronside.jpg 10.0.68.15/- - GET
http://info.foo.bar/cgi/blocked?clientaddr=10.0.68.15&clientname=&clientuser=&clientgroup=default&targetgroup=none&url=http://images.bravenet.com/brpics/forumpics/question.gif 10.0.68.15/- - GET
http://info.foo.bar/cgi/blocked?clientaddr=10.0.68.15&clientname=&clientuser=&clientgroup=default&targetgroup=none&url=http://kondis.no/pekere.html 10.0.68.15/- - GET
http://info.foo.bar/cgi/blocked?clientaddr=10.0.68.15&clientname=&clientuser=&clientgroup=default&targetgroup=none&url=http://www.marathon.se/loplabbet/bilder/meny/1r_ovrig.gif 10.0.68.15/- - GET
http://info.foo.bar/cgi/blocked?clientaddr=10.0.68.15&clientname=&clientuser=&clientgroup=default&targetgroup=none&url=http://teleweb.ost.eltele.no/grafikk/meny/oekoff.gif 10.0.68.15/- - GET
http://info.foo.bar/cgi/blocked?clientaddr=10.0.68.15&clientname=&clientuser=&clientgroup=default&targetgroup=none&url=http://teleweb.ost.eltele.no/grafikk/meny/ikonoff.gif 10.0.68.15/- - GET
http://info.foo.bar/cgi/blocked?clientaddr=10.0.68.15&clientname=&clientuser=&clientgroup=default&targetgroup=none&url=http://teleweb.ost.eltele.no/grafikk/meny/sokoff.gif 10.0.68.15/- - GET

http://info.foo.bar/cgi/blocked?clientaddr=10.0.68.15&clientname=&clientuser=foo&clientgroup=default&targetgroup=none&url=http://teleweb.ost.eltele.no/logo.htm 10.0.68.15/- foo GET
http://info.foo.bar/cgi/blocked?clientaddr=10.0.68.15&clientname=&clientuser=gurr&clientgroup=default&targetgroup=none&url=http://teleweb.ost.eltele.no/grafikk/meny/nyheton.gif 10.0.68.15/- gurr GET
http://info.foo.bar/cgi/blocked?clientaddr=10.0.68.15&clientname=&clientuser=&clientgroup=default&targetgroup=none&url=http://teleweb.ost.eltele.no/grafikk/meny/hjelpon.gif 10.0.68.15/- - GET
http://info.foo.bar/cgi/blocked?clientaddr=10.0.68.15&clientname=&clientuser=&clientgroup=default&targetgroup=none&url=http://193.69.80.130/marketinfo/images/navigation2.jpg 10.0.68.15/- - GET


http://info.foo.bar/cgi/blocked?clientaddr=10.0.68.15&clientname=&clientuser=&clientgroup=default&targetgroup=none&url=http://193.69.80.130/grafikk/m4_5b1.gif 10.0.68.15/- - GET
http://info.foo.bar/cgi/blocked?clientaddr=10.0.68.15&clientname=&clientuser=&clientgroup=default&targetgroup=none&url=http://193.69.80.130/marketinfo/images/knapper/graph_knapp.gif 10.0.68.15/- - GET



































http://info.foo.bar/cgi/blocked?clientaddr=10.0.68.15&clientname=&clientuser=&clientgroup=default&targetgroup=none&url=http://teleweb.ost.eltele.no/grafikk/logo/elteleo.gif 10.0.68.15/- - GET
http://info.foo.bar/cgi/blocked?clientaddr=10.0.68.15&clientname=&clientuser=&clientgroup=default&targetgroup=none&url=http://teleweb.ost.eltele.no/grafikk/meny/ksentoff.gif 10.0.68.15/- - GET
http://info.foo.bar/cgi/blocked?clientaddr=10.0.68.15&clientname=&clientuser=gurr&clientgroup=default&targetgroup=none&url=http://www.dagbladet.no/ann-gif/bilguiden/bilguiden.jpg 10.0.68.15/- gurr GET
http://info.foo.bar/cgi/blocked?clientaddr=10.0.68.15&clientname=&clientuser=&clientgroup=default&targetgroup=none&url=http://www.dagbladet.no/img/forside/knapp.dagboka.gif 10.0.68.15/- - GET

http://info.foo.bar/cgi/blocked?clientaddr=10.0.68.15&clientname=&clientuser=&clientgroup=default&targetgroup=none&url=http://www.dagbladet.no/kultur/1999/05/30/166484.html 10.0.68.15/- - GET





http://info.foo.bar/cgi/blocked?clientaddr=10.0.68.15&clientname=&clientuser=&clientgroup=default&targetgroup=none&url=http://teleweb.ost.eltele.no/grafikk/meny/oekoff.gif 10.0.68.15/- - GET
http://info.foo.bar/cgi/blocked?clientaddr=10.0.68.15&clientname=&clientuser=&clientgroup=default&targetgroup=none&url=http://teleweb.ost.eltele.no/grafikk/meny/sokoff.gif 10.0.68.15/- - GET
http://info.foo.bar/cgi/blocked?clientaddr=10.0.68.15&clientname=&clientuser=&clientgroup=default&targetgroup=none&url=http://teleweb.ost.eltele.no/grafikk/meny/sokon.gif 10.0.68.15/- - GET
http://info.foo.bar/cgi/blocked?clientaddr=10.0.68.15&clientname=&clientuser=&clientgroup=default&targetgroup=none&url=http://teleweb.ost.eltele.no/meny.htm 10.0.68.15/- - GET
http://info.foo.bar/cgi/blocked?clientaddr=10.0.68.15&clientname=&clientuser=&clientgroup=default&targetgroup=none&url=http://teleweb.ost.eltele.no/grafikk/meny/oekoff.gif 10.0.68.15/- - GET
http://info.foo.bar/cgi/blocked?clientaddr=10.0.68.15&clientname=&clientuser=gurr&clientgroup=default&targetgroup=none&url=http://teleweb.ost.eltele.no/grafikk/meny/oservon.gif 10.0.68.15/- gurr GET
http://info.foo.bar/cgi/blocked?clientaddr=10.0.68.15&clientname=&clientuser=foo&clientgroup=default&targetgroup=none&url=http://teleweb.ost.eltele.no/grafikk/meny/oeioff.gif 10.0.68.15/- foo GET





































http://info.foo.bar/cgi/blocked?clientaddr=10.0.0.64&clientname=&clientuser=&clientgroup=kids&targetgroup=blacklist&url=http://the.sextracker.com/e/104406 10.0.0.64/- - GET
http://info.foo.bar/cgi/blocked?clientaddr=10.0.0.64&clientname=&clientuser=&clientgroup=kids&targetgroup=blacklist&url=http://graphics2.sextracker.com/navbar/find_on.gif 10.0.0.64/- - GET
http://info.foo.bar/cgi/blocked?clientaddr=10.0.0.64&clientname=&clientuser=gurr&clientgroup=kids&targetgroup=blacklist&url=http://graphics1.sextracker.com/links/small/6.gif 10.0.0.64/- gurr GET
http://info.foo.bar/cgi/blocked?clientaddr=10.0.0.64&clientname=&clientuser=&clientgroup=kids&targetgroup=blacklist&url=http://graphics2.sextracker.com/icons/ranks/speed5.gif 10.0.0.64/- - GET

http://info.foo.bar/cgi/blocked?clientaddr=10.0.0.64&clientname=&clientuser=&clientgroup=kids&targetgroup=blacklist&url=http://www.book-mark.net/tmpicon.gif 10.0.0.64/- - GET




http://info.foo.bar/cgi/blocked?clientaddr=10.0.0.64&clientname=&clientuser=&clientgroup=kids&targetgroup=blacklist&url=http://counter10.sextracker.com/c5/id/0/109497 10.0.0.64/- - GET

http://info.foo.bar/cgi/blocked?clientaddr=10.0.0.64&clientname=&clientuser=&clientgroup=kids&targetgroup=blacklist&url=http://www.angrydragon.com/sexing/sex/tn_536_jpg.jpg 10.0.0.64/- - GET

http://info.foo.bar/cgi/blocked?clientaddr=10.0.0.64&clientname=&clientuser=&clientgroup=kids&targetgroup=blacklist&url=http://www.freesexsites.net/book-mark/tartban2.gif 10.0.0.64/- - GET
http://info.foo.bar/cgi/blocked?clientaddr=10.0.0.64&clientname=&clientuser=&clientgroup=kids&targetgroup=blacklist&url=http://the-strip.porncity.net/866/fritz/buttons/germ.gif 10.0.0.64/- - GET
http://info.foo.bar/cgi/blocked?clientaddr=10.0.0.64&clientname=&clientuser=gurr&clientgroup=kids&targetgroup=blacklist&url=http://the-strip.porncity.net/866/fritz/buttons/metalbg.jpg 10.0.0.64/- gurr GET

http://info.foo.bar/cgi/blocked?clientaddr=10.0.0.64&clientname=&clientuser=&clientgroup=kids&targetgroup=blacklist&url=http://hardcore.freepictures.com/sluts/02/tn_sx0009r_jpg.jpg 10.0.0.64/- - GET

http://info.foo.bar/cgi/blocked?clientaddr=10.0.0.64&clientname=&clientuser=&clientgroup=kids&targetgroup=blacklist&url=http://www.ultrasexe.com/image/tnoire6.jpg 10.0.0.64/- - GET
http://info.foo.bar/cgi/blocked?clientaddr=10.0.0.64&clientname=&clientuser=&clientgroup=kids&targetgroup=blacklist&url=http://artemis.porntrack.com/0/20807/? 10.0.0.64/- - GET
http://info.foo.bar/cgi/blocked?clientaddr=10.0.0.64&clientname=&clientuser=&clientgroup=kids&targetgroup=blacklist&url=http://www.amateur-space.com/aec/images/hardcore/tn_sunshine35_jpg.jpg 10.0.0.64/- - GET
http://info.foo.bar/cgi/blocked?clientaddr=10.0.0.64&clientname=&clientuser=gurr&clientgroup=kids&targetgroup=blacklist&url=http://amateur.freepictures.com/amateur/images/tn_fpcheer017_jpg.jpg 10.0.0.64/- gurr GET
http://info.foo.bar/cgi/blocked?clientaddr=10.0.0.64&clientname=&clientuser=&clientgroup=kids&targetgroup=blacklist&url=http://amateur.freepictures.com/amateur/images/fpcheer018.jpg 10.0.0.64/- - GET


http://info.foo.bar/cgi/blocked?clientaddr=10.0.0.64&clientname=&clientuser=&clientgroup=kids&targetgroup=blacklist&url=http://amateur.freepictures.com/amateur/images/fpcheer024.jpg 10.0.0.64/- - GET





http://info.foo.bar/cgi/blocked?clientaddr=10.0.0.64&clientname=&clientuser=&clientgroup=kids&targetgroup=blacklist&url=http://candy-lane.porncity.net/220/small_spice1355.jpg 10.0.0.64/- - GET








http://info.foo.bar/cgi/blocked?clientaddr=10.0.0.64&clientname=&clientuser=gurr&clientgroup=kids&targetgroup=blacklist&url=http://www.karasxxx.com/graphix/indexpam.jpg 10.0.0.64/- gurr GET









http://info.foo.bar/cgi/blocked?clientaddr=10.0.1.39&clientname=&clientuser=&clientgroup=kids&targetgroup=blacklist&url=http://www4.adultcheck.com/cgi-bin/invalid.shtml? 10.0.1.39/- - GET
http://info.foo.bar/cgi/blocked?clientaddr=10.0.1.39&clientname=&clientuser=&clientgroup=kids&targetgroup=blacklist&url=http://secure.adultcheck.com/images/apply_tab_credit.gif 10.0.1.39/- - GET
http://info.foo.bar/cgi/blocked?clientaddr=10.0.1.39&clientname=&clientuser=&clientgroup=kids&targetgroup=blacklist&url=http://easy-st.porncity.net/565/image/title.gif 10.0.1.39/- - GET
http://info.foo.bar/cgi/blocked?clientaddr=10.0.1.39&clientname=&clientuser=foo&clientgroup=kids&targetgroup=blacklist&url=http://www.erosvillage.com/lolitadreams/icon/90x135_5.jpg 10.0.1.39/- foo GET
http://info.foo.bar/cgi/blocked?clientaddr=10.0.1.39&clientname=&clientuser=&clientgroup=kids&targetgroup=blacklist&url=http://www.erosvillage.com/lolitawet/icon/75x100_1.jpg 10.0.1.39/- - GET
http://info.foo.bar/cgi/blocked?clientaddr=10.0.1.39&clientname=&clientuser=&clientgroup=kids&targetgroup=blacklist&url=http://www.erosvillage.com/lolitanude/icon/sample5t.jpg 10.0.1.39/- - GET
http://info.foo.bar/cgi/blocked?clientaddr=10.0.1.39&clientname=&clientuser=&clientgroup=kids&targetgroup=blacklist&url=http://www.erosvillage.com/lolitagirls/icon/image2.gif 10.0.1.39/- - GET
http://info.foo.bar/cgi/blocked?clientaddr=10.0.1.39&clientname=&clientuser=&clientgroup=kids&targetgroup=blacklist&url=http://aphrodite.porntrack.com/0/8992/? 10.0.1.39/- - GET













http://info.foo.bar/cgi/blocked?clientaddr=10.0.1.39&clientname=&clientuser=&clientgroup=kids&targetgroup=blacklist&url=http://www.stabincabin.com/index2.shtml 10.0.1.39/- - GET
http://info.foo.bar/cgi/blocked?clientaddr=10.0.1.39&clientname=&clientuser=&clientgroup=kids&targetgroup=blacklist&url=http://www.stabincabin.com/index2.shtml 10.0.1.39/- - GET
http://info.foo.bar/cgi/blocked?clientaddr=10.0.1.39&clientname=&clientuser=gurr&clientgroup=kids&targetgroup=blacklist&url=http://www.porkyspost.com/thumbz/t5.jpg 10.0.1.39/- gurr GET
http://info.foo.bar/cgi/blocked?clientaddr=10.0.67.178&clientname=&clientuser=&clientgroup=default&targetgroup=none&url=http://teleweb.ost.eltele.no/fastlink.htm 10.0.67.178/- - GET
http://info.foo.bar/cgi/blocked?clientaddr=10.0.67.178&clientname=&clientuser=&clientgroup=default&targetgroup=none&url=http://teleweb.ost.eltele.no/grafikk/meny/oeon.gif 10.0.67.178/- - GET
http://info.foo.bar/cgi/blocked?clientaddr=10.0.67.178&clientname=&clientuser=&clientgroup=default&targetgroup=none&url=http://teleweb.ost.eltele.no/grafikk/logo/elteleo.gif 10.0.67.178/- - GET
http://info.foo.bar/cgi/blocked?clientaddr=10.0.67.178&clientname=&clientuser=&clientgroup=default&targetgroup=none&url=http://teleweb.ost.eltele.no/grafikk/meny/nyheton.gif 10.0.67.178/- - GET
http://info.foo.bar/cgi/blocked?clientaddr=10.0.67.178&clientname=&clientuser=foo&clientgroup=default&targetgroup=none&url=http://wy1fd.hotmail.com/cgi-bin/start? 10.0.67.178/- foo GET








http://info.foo.bar/cgi/blocked?clientaddr=10.0.1.39&clientname=&clientuser=gurr&clientgroup=kids&targetgroup=blacklist&url=http://c1.xxxcounter.com/c7/id/16/44847/0/ 10.0.1.39/- gurr GET

http://info.foo.bar/cgi/blocked?clientaddr=10.0.1.39&clientname=&clientuser=&clientgroup=kids&targetgroup=blacklist&url=http://www.pinkswap.com/teen/folder.gif 10.0.1.39/- - GET









http://info.foo.bar/cgi/blocked?clientaddr=10.0.0.64&clientname=&clientuser=&clientgroup=kids&targetgroup=blacklist&url=http://www2.book-mark.net/exclusive/natasha/thumb.jpg 10.0.0.64/- - GET
http://info.foo.bar/cgi/blocked?clientaddr=10.0.0.64&clientname=&clientuser=&clientgroup=kids&targetgroup=blacklist&url=http://www2.book-mark.net/exclusive/koko/thumbs/thumb4.jpg 10.0.0.64/- - GET
http://info.foo.bar/cgi/blocked?clientaddr=10.0.0.64&clientname=&clientuser=gurr&clientgroup=kids&targetgroup=blacklist&url=http://hardcore.freepictures.com/sluts/01/tn_sx0022a_jpg.jpg 10.0.0.64/- gurr GET

http://info.foo.bar/cgi/blocked?clientaddr=10.0.0.64&clientname=&clientuser=&clientgroup=kids&targetgroup=blacklist&url=http://counter10.sextracker.com/c2/id/0/132745 10.0.0.64/- - GET



























































































































http://info.foo.bar/cgi/blocked?clientaddr=10.0.67.190&clientname=&clientuser=&clientgroup=default&targetgroup=none&url=http://channels.real.com/getlatest.glh? 10.0.67.190/- - GET































































































































































































































































http://info.foo.bar/cgi/blocked?clientaddr=10.0.3.136&clientname=&clientuser=foo&clientgroup=kids&targetgroup=blacklist&url=http://www.eros.no/dating/loveconnection/pictures/lcv.gif 10.0.3.136/- foo GET













































































































































































http://info.foo.bar/cgi/blocked?clientaddr=10.0.3.174&clientname=&clientuser=&clientgroup=kids&targetgroup=blacklist&url=http://adult.sexhound.net/theadultempire/logo-netnanny.gif 10.0.3.174/- - GET

http://info.foo.bar/cgi/blocked?clientaddr=10.0.3.174&clientname=&clientuser=&clientgroup=kids&targetgroup=blacklist&url=http://counter16.sextracker.com/c4/id/1/113375 10.0.3.174/- - GET

















http://info.foo.bar/cgi/blocked?clientaddr=10.0.3.174&clientname=&clientuser=gurr&clientgroup=kids&targetgroup=blacklist&url=http://www.hpic.com/jum/bz/data/pc.jpg 10.0.3.174/- gurr GET
































http://info.foo.bar/cgi/blocked?clientaddr=10.0.5.15&clientname=&clientuser=&clientgroup=default&targetgroup=none&url=http://www.oslo-energi.no/gifs/nav5off.gif 10.0.5.15/- - GET
http://info.foo.bar/cgi/blocked?clientaddr=10.0.5.15&clientname=&clientuser=&clientgroup=default&targetgroup=none&url=http://www.oslo-energi.no/gifs/tittel_1_fade.gif 10.0.5.15/- - GET

http://info.foo.bar/cgi/blocked?clientaddr=10.0.3.144&clientname=&clientuser=&clientgroup=kids&targetgroup=blacklist&url=http://c1.thecounter.com/id=118474&size=800&colors=8&referer=http://www.uib.no/guide/index.html&java=true 10.0.3.144/- - GET







http://info.foo.bar/cgi/blocked?clientaddr=10.0.3.174&clientname=&clientuser=&clientgroup=kids&targetgroup=blacklist&url=http://graphics.agecheck.com/acscript/pink-rttopcorner.gif 10.0.3.174/- - GET
http://info.foo.bar/cgi/blocked?clientaddr=10.0.5.15&clientname=&clientuser=&clientgroup=default&targetgroup=none&url=http://home.sol.no/~ehoen/grafikk/pixel204.gif 10.0.5.15/- - GET





















http://info.foo.bar/cgi/blocked?clientaddr=10.0.5.15&clientname=&clientuser=&clientgroup=default&targetgroup=none&url=http://www.startsiden.no/oppslagsverk/navn/ 10.0.5.15/- - GET




http://info.foo.bar/cgi/blocked?clientaddr=10.0.5.15&clientname=&clientuser=&clientgroup=default&targetgroup=none&url=http://www.ssb.no/cgi-bin/navnesoek.pl? 10.0.5.15/- - GET







